// Jest Snapshot v1, https://goo.gl/fbAQLP

exports[`checks the working of search bar should match the previous snapshot 1`] = `
"<div className=\\"Topcomponent\\">
  <h2>
    MUSIC WEB PAGE
  </h2>
  <input className=\\"InputBox\\" placeholder=\\"type search text here\\" type=\\"text\\" onChange={[Function]} />
</div>"
`;
